
> velocity@0.0.0 build
> tsc -b && vite build

[36mvite v8.0.2 [32mbuilding client environment for production...[36m[39m
[2K
transforming...Γ£ô 2033 modules transformed.
rendering chunks...
computing gzip size...
dist/index.html                   0.69 kB Γöé gzip:  0.40 kB
dist/assets/index-CY08qQHT.css   23.28 kB Γöé gzip:  5.02 kB
dist/assets/index-U3nFaC-j.js   233.32 kB Γöé gzip: 72.39 kB

[32mΓ£ô built in 1.20s[39m
